Microchip MPLAB XC8 Compiler V1.38 ()

Linker command line:

-W-3 --edf=C:\Program Files (x86)\Microchip\xc8\v1.38\dat\en_msgs.txt -cs \
  -h+dist/default/production\13_I2C.X.production.sym \
  --cmf=dist/default/production\13_I2C.X.production.cmf -z -Q18F4553 \
  -oC:\Users\armst\AppData\Local\Temp\se7s.2 \
  -Mdist/default/production/13_I2C.X.production.map -E1 -ver=XC8 \
  -ASTACK=060h-07ffh -pstack=STACK -ACODE=00h-07FFFh -ACONST=00h-07FFFh \
  -ASMALLCONST=0800h-08FFhx120 -AMEDIUMCONST=0800h-07FFFh -ACOMRAM=01h-05Fh \
  -AABS1=00h-07FFh -ABIGRAM=01h-07FFh -ARAM=060h-0FFh,0100h-01FFhx7 \
  -ABANK0=060h-0FFh -ABANK1=0100h-01FFh -ABANK2=0200h-02FFh \
  -ABANK3=0300h-03FFh -ABANK4=0400h-04FFh -ABANK5=0500h-05FFh \
  -ABANK6=0600h-06FFh -ABANK7=0700h-07FFh -ASFR=0F60h-0FFFh \
  -preset_vec=00h,intcode,intcodelo,powerup,init,end_init -pramtop=0800h \
  -psmallconst=SMALLCONST -pmediumconst=MEDIUMCONST -pconst=CONST \
  -AFARRAM=00h-00h -ACONFIG=0300000h-030000Dh -pconfig=CONFIG \
  -AIDLOC=0200000h-0200007h -pidloc=IDLOC -AEEDATA=0F00000h-0F000FFh \
  -peeprom_data=EEDATA \
  -prdata=COMRAM,nvrram=COMRAM,nvbit=COMRAM,rbss=COMRAM,rbit=COMRAM \
  -pfarbss=FARRAM,fardata=FARRAM,nvFARRAM=FARRAM \
  -pintsave_regs=BIGRAM,bigbss=BIGRAM,bigdata=BIGRAM -pbss=RAM \
  -pidata=CODE,irdata=CODE,ibigdata=CODE,ifardata=CODE -prparam=COMRAM \
  C:\Users\armst\AppData\Local\Temp\se7s.obj \
  dist/default/production\13_I2C.X.production.obj 

Object code version is 3.11

Machine type is 18F4553

Call graph: (short form)




                Name                               Link     Load   Length Selector   Space Scale
C:\Users\armst\AppData\Local\Temp\se7s.obj
                end_init                              0        0        4        0       0
                idloc                            200000   200000        8   200000       0
                config                           300000   300000        E   300000       0
dist/default/production\13_I2C.X.production.obj
                mediumconst                        7C76     7C76      38A     3E3B       0
                text40                             6726     6726       1A     3393       0
                text39                             66C4     66C4        8     3362       0
                text38                             66E4     66E4       16     3372       0
                text37                             66FA     66FA       16     337D       0
                text36                             66CC     66CC        C     3366       0
                text35                             6E3C     6E3C       A4     371E       0
                text34                             6F84     6F84       A8     37C2       0
                text33                             6740     6740       1A     33A0       0
                text32                             6812     6812       34     3409       0
                text31                             6938     6938       46     349C       0
                text30                             6DA4     6DA4       98     36D2       0
                text29                             69C8     69C8       52     34E4       0
                text28                             702C     702C       AE     3816       0
                text27                             728C     728C       F4     3946       0
                text26                             6778     6778       24     33BC       0
                text25                             7582     7582      1AC     3AC1       0
                text24                             68B6     68B6       40     345B       0
                text23                             7380     7380       F4     39C0       0
                text22                             6A6C     6A6C       5C     3536       0
                text21                             6C92     6C92       82     3649       0
                text20                             6AC8     6AC8       66     3564       0
                text19                             67C0     67C0       26     33E0       0
                text18                             675A     675A       1E     33AD       0
                text17                             794A     794A      32C     3CA5       0
                text16                             7474     7474      10E     3A3A       0
                text15                             687C     687C       3A     343E       0
                text14                             6A1A     6A1A       52     350D       0
                text13                             68F6     68F6       42     347B       0
                text12                             6EE0     6EE0       A4     3770       0
                text11                             697E     697E       4A     34BF       0
                text10                             6846     6846       36     3423       0
                text9                              6BA0     6BA0       78     35D0       0
                text8                              71A6     71A6       E6     38D3       0
                text7                              6C18     6C18       7A     360C       0
                text6                              66D8     66D8        C     336C       0
                text5                              6B2E     6B2E       72     3597       0
                text4                              6D14     6D14       90     368A       0
                text3                              70DA     70DA       CC     386D       0
                text2                              67E6     67E6       2C     33F3       0
                text1                              679C     679C       24     33CE       0
                text0                              772E     772E      21C     3B97       0
                cstackCOMRAM                          1        1       4E        1       1
                bssCOMRAM                            4F       4F       11        1       1
                cinit                              6710     6710       16     3388       0

TOTAL           Name                               Link     Load   Length     Space
        CLASS   STACK          

        CLASS   CODE           
                end_init                              0        0        4         0
                text40                             6726     6726       1A         0
                text39                             66C4     66C4        8         0
                text38                             66E4     66E4       16         0
                text37                             66FA     66FA       16         0
                text36                             66CC     66CC        C         0
                text35                             6E3C     6E3C       A4         0
                text34                             6F84     6F84       A8         0
                text33                             6740     6740       1A         0
                text32                             6812     6812       34         0
                text31                             6938     6938       46         0
                text30                             6DA4     6DA4       98         0
                text29                             69C8     69C8       52         0
                text28                             702C     702C       AE         0
                text27                             728C     728C       F4         0
                text26                             6778     6778       24         0
                text25                             7582     7582      1AC         0
                text24                             68B6     68B6       40         0
                text23                             7380     7380       F4         0
                text22                             6A6C     6A6C       5C         0
                text21                             6C92     6C92       82         0
                text20                             6AC8     6AC8       66         0
                text19                             67C0     67C0       26         0
                text18                             675A     675A       1E         0
                text17                             794A     794A      32C         0
                text16                             7474     7474      10E         0
                text15                             687C     687C       3A         0
                text14                             6A1A     6A1A       52         0
                text13                             68F6     68F6       42         0
                text12                             6EE0     6EE0       A4         0
                text11                             697E     697E       4A         0
                text10                             6846     6846       36         0
                text9                              6BA0     6BA0       78         0
                text8                              71A6     71A6       E6         0
                text7                              6C18     6C18       7A         0
                text6                              66D8     66D8        C         0
                text5                              6B2E     6B2E       72         0
                text4                              6D14     6D14       90         0
                text3                              70DA     70DA       CC         0
                text2                              67E6     67E6       2C         0
                text1                              679C     679C       24         0
                text0                              772E     772E      21C         0
                cinit                              6710     6710       16         0

        CLASS   CONST          

        CLASS   SMALLCONST     

        CLASS   MEDIUMCONST    
                mediumconst                        7C76     7C76      38A         0

        CLASS   COMRAM         
                cstackCOMRAM                          1        1       4E         1
                bssCOMRAM                            4F       4F       11         1

        CLASS   ABS1           

        CLASS   BIGRAM         

        CLASS   RAM            

        CLASS   BANK0          

        CLASS   BANK1          

        CLASS   BANK2          

        CLASS   BANK3          

        CLASS   BANK4          

        CLASS   BANK5          

        CLASS   BANK6          

        CLASS   BANK7          

        CLASS   SFR            

        CLASS   FARRAM         

        CLASS   CONFIG         
                config                           300000   300000        E         0

        CLASS   IDLOC          
                idloc                            200000   200000        8         0

        CLASS   EEDATA         



SEGMENTS        Name                           Load    Length   Top    Selector   Space  Class

                reset_vec                      000000  000004  000004         0       0  CODE    
                cstackCOMRAM                   000001  00005F  000060         1       1  COMRAM  
                text39                         0066C4  000008  0066CC      3362       0  CODE    
                text36                         0066CC  00000C  0066D8      3366       0  CODE    
                text6                          0066D8  00000C  0066E4      336C       0  CODE    
                text38                         0066E4  000016  0066FA      3372       0  CODE    
                text37                         0066FA  000016  006710      337D       0  CODE    
                cinit                          006710  000016  006726      3388       0  CODE    
                text40                         006726  00001A  006740      3393       0  CODE    
                text33                         006740  00001A  00675A      33A0       0  CODE    
                text18                         00675A  00001E  006778      33AD       0  CODE    
                text26                         006778  000024  00679C      33BC       0  CODE    
                text1                          00679C  000024  0067C0      33CE       0  CODE    
                text19                         0067C0  000026  0067E6      33E0       0  CODE    
                text2                          0067E6  00002C  006812      33F3       0  CODE    
                text32                         006812  000034  006846      3409       0  CODE    
                text10                         006846  000036  00687C      3423       0  CODE    
                text15                         00687C  00003A  0068B6      343E       0  CODE    
                text24                         0068B6  000040  0068F6      345B       0  CODE    
                text13                         0068F6  000042  006938      347B       0  CODE    
                text31                         006938  000046  00697E      349C       0  CODE    
                text11                         00697E  00004A  0069C8      34BF       0  CODE    
                text29                         0069C8  000052  006A1A      34E4       0  CODE    
                text14                         006A1A  000052  006A6C      350D       0  CODE    
                text22                         006A6C  00005C  006AC8      3536       0  CODE    
                text20                         006AC8  000066  006B2E      3564       0  CODE    
                text5                          006B2E  000072  006BA0      3597       0  CODE    
                text9                          006BA0  000078  006C18      35D0       0  CODE    
                text7                          006C18  00007A  006C92      360C       0  CODE    
                text21                         006C92  000082  006D14      3649       0  CODE    
                text4                          006D14  000090  006DA4      368A       0  CODE    
                text30                         006DA4  000098  006E3C      36D2       0  CODE    
                text35                         006E3C  0000A4  006EE0      371E       0  CODE    
                text12                         006EE0  0000A4  006F84      3770       0  CODE    
                text34                         006F84  0000A8  00702C      37C2       0  CODE    
                text28                         00702C  0000AE  0070DA      3816       0  CODE    
                text3                          0070DA  0000CC  0071A6      386D       0  CODE    
                text8                          0071A6  0000E6  00728C      38D3       0  CODE    
                text27                         00728C  0000F4  007380      3946       0  CODE    
                text23                         007380  0000F4  007474      39C0       0  CODE    
                text16                         007474  00010E  007582      3A3A       0  CODE    
                text25                         007582  0001AC  00772E      3AC1       0  CODE    
                text0                          00772E  00021C  00794A      3B97       0  CODE    
                text17                         00794A  00032C  007C76      3CA5       0  CODE    
                mediumconst                    007C76  00038A  008000      3E3B       0  MEDIUMCO
                idloc                          200000  000008  200008    200000       0  IDLOC   
                config                         300000  00000E  30000E    300000       0  CONFIG  


UNUSED ADDRESS RANGES

        Name                Unused          Largest block    Delta
        BANK0            000060-0000FF               A0
        BANK1            000100-0001FF              100
        BANK2            000200-0002FF              100
        BANK3            000300-0003FF              100
        BANK4            000400-0004FF              100
        BANK5            000500-0005FF              100
        BANK6            000600-0006FF              100
        BANK7            000700-0007FF              100
        BIGRAM           000060-0007FF              7A0
        CODE             000004-0066C3             66C0
        CONST            000004-0066C3             66C0
        EEDATA           F00000-F000FF              100
        MEDIUMCONST      000800-0066C3             5EC4
        RAM              000060-0007FF              100
        SFR              000F60-000FFF               A0
        SMALLCONST       000800-0066C3              100
        STACK            000060-0007FF              7A0

                                  Symbol Table

?___aldiv                     cstackCOMRAM 000001
?___altoft                    cstackCOMRAM 000009
?___ftadd                     cstackCOMRAM 000022
?___ftdiv                     cstackCOMRAM 000013
?___ftmul                     cstackCOMRAM 000009
?___ftneg                     cstackCOMRAM 000001
?___ftpack                    cstackCOMRAM 000001
?___ftsub                     cstackCOMRAM 00002E
?___fttol                     cstackCOMRAM 000018
?___lldiv                     cstackCOMRAM 000001
?___llmod                     cstackCOMRAM 00000E
?___lltoft                    cstackCOMRAM 000009
?___lwdiv                     cstackCOMRAM 000001
?___lwmod                     cstackCOMRAM 000001
?___wmul                      cstackCOMRAM 000001
?_ftoa                        cstackCOMRAM 000034
?_itoa                        cstackCOMRAM 000011
?_sprintf                     cstackCOMRAM 000017
I2C_Start@slave_write_address cstackCOMRAM 000002
I2C_Write@data                cstackCOMRAM 000001
OLED_Clear@col                cstackCOMRAM 000021
OLED_Clear@row                cstackCOMRAM 00001F
OLED_Command@temp             cstackCOMRAM 000003
OLED_PutChar@base             cstackCOMRAM 00001A
OLED_PutChar@bytes            cstackCOMRAM 000011
OLED_PutChar@ch               cstackCOMRAM 00001E
OLED_PutChar@i                cstackCOMRAM 00001C
OLED_Write_Float@buf11        cstackCOMRAM 000048
OLED_Write_Float@f            cstackCOMRAM 000043
OLED_Write_Float@status       cstackCOMRAM 000046
OLED_Write_Integer@i          cstackCOMRAM 000035
OLED_Write_Integer@s          cstackCOMRAM 000021
OLED_Write_String@s           cstackCOMRAM 00001F
OLED_YX@Column                cstackCOMRAM 000004
OLED_YX@Row                   cstackCOMRAM 000006
USART_Init@baud_rate          cstackCOMRAM 00002E
USART_Init@temp               cstackCOMRAM 000032
USART_Write@out               cstackCOMRAM 000001
USART_Write_Text@i            cstackCOMRAM 000006
USART_Write_Text@text         cstackCOMRAM 000002
_ACKDT                        (abs)        007E2D
_ACKEN                        (abs)        007E2C
_ACKSTAT                      (abs)        007E2E
_CREN                         (abs)        007D5C
_I2C_Init                     text40       006726
_I2C_Ready                    text39       0066C4
_I2C_Start                    text37       0066FA
_I2C_Stop                     text36       0066CC
_I2C_Write                    text38       0066E4
_OLED_Clear                   text31       006938
_OLED_Command                 text33       006740
_OLED_Init                    text30       006DA4
_OLED_PutChar                 text34       006F84
_OLED_Write_Float             text15       00687C
_OLED_Write_Integer           text10       006846
_OLED_Write_String            text29       0069C8
_OLED_YX                      text32       006812
_OledFont                     mediumconst  007C9F
_PEN                          (abs)        007E2A
_RCEN                         (abs)        007E2B
_RCIF                         (abs)        007CF5
_RCREG                        (abs)        000FAE
_RCSTA                        (abs)        000FAB
_RCSTAbits                    (abs)        000FAB
_RSEN                         (abs)        007E29
_SPBRG                        (abs)        000FAF
_SSPADD                       (abs)        000FC8
_SSPBUF                       (abs)        000FC9
_SSPCON1                      (abs)        000FC6
_SSPCON2                      (abs)        000FC5
_SSPCON2bits                  (abs)        000FC5
_SSPIE                        (abs)        007CEB
_SSPIF                        (abs)        007CF3
_SSPSTAT                      (abs)        000FC7
_SSPSTATbits                  (abs)        000FC7
_TRISB0                       (abs)        007C98
_TRISB1                       (abs)        007C99
_TRISCbits                    (abs)        000F94
_TXIF                         (abs)        007CF4
_TXREG                        (abs)        000FAD
_TXSTA                        (abs)        000FAC
_USART_Init                   text7        006C18
_USART_Write                  text6        0066D8
_USART_Write_Text             text5        006B2E
__CFG_BOR$ON                  (abs)        000000
__CFG_BORV$3                  (abs)        000000
__CFG_CCP2MX$ON               (abs)        000000
__CFG_CPUDIV$OSC1_PLL2        (abs)        000000
__CFG_DEBUG$OFF               (abs)        000000
__CFG_FOSC$HSPLL_HS           (abs)        000000
__CFG_IESO$OFF                (abs)        000000
__CFG_LPT1OSC$OFF             (abs)        000000
__CFG_LVP$OFF                 (abs)        000000
__CFG_MCLRE$ON                (abs)        000000
__CFG_PBADEN$OFF              (abs)        000000
__CFG_PLLDIV$4                (abs)        000000
__CFG_PWRT$ON                 (abs)        000000
__CFG_STVREN$OFF              (abs)        000000
__CFG_VREGEN$ON               (abs)        000000
__CFG_WDT$OFF                 (abs)        000000
__CFG_WDTPS$128               (abs)        000000
__CFG_WRTC$ON                 (abs)        000000
__CFG_WRTD$OFF                (abs)        000000
__HRAM                        (abs)        000000
__Habs1                       abs1         000000
__Hbank0                      bank0        000000
__Hbank1                      bank1        000000
__Hbank2                      bank2        000000
__Hbank3                      bank3        000000
__Hbank4                      bank4        000000
__Hbank5                      bank5        000000
__Hbank6                      bank6        000000
__Hbank7                      bank7        000000
__Hbigbss                     bigbss       000000
__Hbigdata                    bigdata      000000
__Hbigram                     bigram       000000
__Hbss                        bss          000000
__HbssCOMRAM                  bssCOMRAM    000000
__Hcinit                      cinit        000000
__Hclrtext                    clrtext      000000
__Hcomram                     comram       000000
__Hconfig                     config       30000E
__Hconst                      const        000000
__HcstackCOMRAM               cstackCOMRAM 000000
__Hdata                       data         000000
__Heeprom_data                eeprom_data  000000
__Hend_init                   end_init     000004
__Hfarbss                     farbss       000000
__Hfardata                    fardata      000000
__Hibigdata                   ibigdata     000000
__Hidata                      idata        000000
__Hidloc                      idloc        200008
__Hifardata                   ifardata     000000
__Hinit                       init         000000
__Hintcode                    intcode      000000
__Hintcode_body               intcode_body 000000
__Hintcodelo                  intcodelo    000000
__Hintentry                   intentry     000000
__Hintret                     intret       000000
__Hintsave_regs               intsave_regs 000000
__Hirdata                     irdata       000000
__Hmediumconst                mediumconst  008000
__HnvFARRAM                   nvFARRAM     000000
__Hnvbit                      nvbit        000000
__Hnvrram                     nvrram       000000
__Hparam                      rparam       000000
__Hpowerup                    powerup      000000
__Hram                        ram          000000
__Hramtop                     ramtop       000800
__Hrbit                       rbit         000000
__Hrbss                       rbss         000000
__Hrdata                      rdata        000000
__Hreset_vec                  reset_vec    000000
__Hrparam                     rparam       000000
__Hsfr                        sfr          000000
__Hsmallconst                 smallconst   000000
__Hspace_0                    (abs)        30000E
__Hspace_1                    (abs)        000060
__Hspace_2                    (abs)        000000
__Hstack                      stack        000000
__Hstruct                     struct       000000
__Htemp                       temp         000000
__Htext                       text         000000
__Htext0                      text0        000000
__Htext1                      text1        000000
__Htext10                     text10       000000
__Htext11                     text11       000000
__Htext12                     text12       000000
__Htext13                     text13       000000
__Htext14                     text14       000000
__Htext15                     text15       000000
__Htext16                     text16       000000
__Htext17                     text17       000000
__Htext18                     text18       000000
__Htext19                     text19       000000
__Htext2                      text2        000000
__Htext20                     text20       000000
__Htext21                     text21       000000
__Htext22                     text22       000000
__Htext23                     text23       000000
__Htext24                     text24       000000
__Htext25                     text25       000000
__Htext26                     text26       000000
__Htext27                     text27       000000
__Htext28                     text28       000000
__Htext29                     text29       000000
__Htext3                      text3        000000
__Htext30                     text30       000000
__Htext31                     text31       000000
__Htext32                     text32       000000
__Htext33                     text33       000000
__Htext34                     text34       000000
__Htext35                     text35       000000
__Htext36                     text36       000000
__Htext37                     text37       000000
__Htext38                     text38       000000
__Htext39                     text39       000000
__Htext4                      text4        000000
__Htext40                     text40       000000
__Htext5                      text5        000000
__Htext6                      text6        000000
__Htext7                      text7        000000
__Htext8                      text8        000000
__Htext9                      text9        000000
__LRAM                        (abs)        000001
__Labs1                       abs1         000000
__Lbank0                      bank0        000000
__Lbank1                      bank1        000000
__Lbank2                      bank2        000000
__Lbank3                      bank3        000000
__Lbank4                      bank4        000000
__Lbank5                      bank5        000000
__Lbank6                      bank6        000000
__Lbank7                      bank7        000000
__Lbigbss                     bigbss       000000
__Lbigdata                    bigdata      000000
__Lbigram                     bigram       000000
__Lbss                        bss          000000
__LbssCOMRAM                  bssCOMRAM    000000
__Lcinit                      cinit        000000
__Lclrtext                    clrtext      000000
__Lcomram                     comram       000000
__Lconfig                     config       300000
__Lconst                      const        000000
__LcstackCOMRAM               cstackCOMRAM 000000
__Ldata                       data         000000
__Leeprom_data                eeprom_data  000000
__Lend_init                   end_init     000000
__Lfarbss                     farbss       000000
__Lfardata                    fardata      000000
__Libigdata                   ibigdata     000000
__Lidata                      idata        000000
__Lidloc                      idloc        200000
__Lifardata                   ifardata     000000
__Linit                       init         000000
__Lintcode                    intcode      000000
__Lintcode_body               intcode_body 000000
__Lintcodelo                  intcodelo    000000
__Lintentry                   intentry     000000
__Lintret                     intret       000000
__Lintsave_regs               intsave_regs 000000
__Lirdata                     irdata       000000
__Lmediumconst                mediumconst  007C76
__LnvFARRAM                   nvFARRAM     000000
__Lnvbit                      nvbit        000000
__Lnvrram                     nvrram       000000
__Lparam                      rparam       000000
__Lpowerup                    powerup      000000
__Lram                        ram          000000
__Lramtop                     ramtop       000800
__Lrbit                       rbit         000000
__Lrbss                       rbss         000000
__Lrdata                      rdata        000000
__Lreset_vec                  reset_vec    000000
__Lrparam                     rparam       000000
__Lsfr                        sfr          000000
__Lsmallconst                 smallconst   000000
__Lspace_0                    (abs)        000000
__Lspace_1                    (abs)        000000
__Lspace_2                    (abs)        000000
__Lstack                      stack        000000
__Lstruct                     struct       000000
__Ltemp                       temp         000000
__Ltext                       text         000000
__Ltext0                      text0        000000
__Ltext1                      text1        000000
__Ltext10                     text10       000000
__Ltext11                     text11       000000
__Ltext12                     text12       000000
__Ltext13                     text13       000000
__Ltext14                     text14       000000
__Ltext15                     text15       000000
__Ltext16                     text16       000000
__Ltext17                     text17       000000
__Ltext18                     text18       000000
__Ltext19                     text19       000000
__Ltext2                      text2        000000
__Ltext20                     text20       000000
__Ltext21                     text21       000000
__Ltext22                     text22       000000
__Ltext23                     text23       000000
__Ltext24                     text24       000000
__Ltext25                     text25       000000
__Ltext26                     text26       000000
__Ltext27                     text27       000000
__Ltext28                     text28       000000
__Ltext29                     text29       000000
__Ltext3                      text3        000000
__Ltext30                     text30       000000
__Ltext31                     text31       000000
__Ltext32                     text32       000000
__Ltext33                     text33       000000
__Ltext34                     text34       000000
__Ltext35                     text35       000000
__Ltext36                     text36       000000
__Ltext37                     text37       000000
__Ltext38                     text38       000000
__Ltext39                     text39       000000
__Ltext4                      text4        000000
__Ltext40                     text40       000000
__Ltext5                      text5        000000
__Ltext6                      text6        000000
__Ltext7                      text7        000000
__Ltext8                      text8        000000
__Ltext9                      text9        000000
__S0                          (abs)        30000E
__S1                          (abs)        000060
__S2                          (abs)        000000
___aldiv                      text3        0070DA
___aldiv@counter              cstackCOMRAM 000009
___aldiv@dividend             cstackCOMRAM 000001
___aldiv@divisor              cstackCOMRAM 000005
___aldiv@quotient             cstackCOMRAM 00000B
___aldiv@sign                 cstackCOMRAM 00000A
___altoft                     text9        006BA0
___altoft@c                   cstackCOMRAM 000009
___altoft@exp                 cstackCOMRAM 000011
___altoft@sign                cstackCOMRAM 000012
___ftadd                      text25       007582
___ftadd@exp1                 cstackCOMRAM 00002D
___ftadd@exp2                 cstackCOMRAM 00002C
___ftadd@f1                   cstackCOMRAM 000022
___ftadd@f2                   cstackCOMRAM 000025
___ftadd@sign                 cstackCOMRAM 00002B
___ftdiv                      text8        0071A6
___ftdiv@cntr                 cstackCOMRAM 00001C
___ftdiv@exp                  cstackCOMRAM 000020
___ftdiv@f1                   cstackCOMRAM 000013
___ftdiv@f2                   cstackCOMRAM 000016
___ftdiv@f3                   cstackCOMRAM 00001D
___ftdiv@sign                 cstackCOMRAM 000021
___ftge                       text4        006D14
___ftge@ff1                   cstackCOMRAM 000001
___ftge@ff2                   cstackCOMRAM 000004
___ftmul                      text27       00728C
___ftmul@cntr                 cstackCOMRAM 000016
___ftmul@exp                  cstackCOMRAM 000012
___ftmul@f1                   cstackCOMRAM 000009
___ftmul@f2                   cstackCOMRAM 00000C
___ftmul@f3_as_product        cstackCOMRAM 000013
___ftmul@sign                 cstackCOMRAM 000017
___ftneg                      text26       006778
___ftneg@f1                   cstackCOMRAM 000001
___ftpack                     text28       00702C
___ftpack@arg                 cstackCOMRAM 000001
___ftpack@exp                 cstackCOMRAM 000004
___ftpack@sign                cstackCOMRAM 000005
___ftsub                      text24       0068B6
___ftsub@f1                   cstackCOMRAM 00002E
___ftsub@f2                   cstackCOMRAM 000031
___fttol                      text23       007380
___fttol@exp1                 cstackCOMRAM 000026
___fttol@f1                   cstackCOMRAM 000018
___fttol@lval                 cstackCOMRAM 000022
___fttol@sign1                cstackCOMRAM 000021
___inthi_sp                   stack        000000
___intlo_sp                   stack        000000
___lldiv                      text21       006C92
___lldiv@counter              cstackCOMRAM 00000D
___lldiv@dividend             cstackCOMRAM 000001
___lldiv@divisor              cstackCOMRAM 000005
___lldiv@quotient             cstackCOMRAM 000009
___llmod                      text20       006AC8
___llmod@counter              cstackCOMRAM 000016
___llmod@dividend             cstackCOMRAM 00000E
___llmod@divisor              cstackCOMRAM 000012
___lltoft                     text22       006A6C
___lltoft@c                   cstackCOMRAM 000009
___lltoft@exp                 cstackCOMRAM 000011
___lwdiv                      text14       006A1A
___lwdiv@counter              cstackCOMRAM 000007
___lwdiv@dividend             cstackCOMRAM 000001
___lwdiv@divisor              cstackCOMRAM 000003
___lwdiv@quotient             cstackCOMRAM 000005
___lwmod                      text13       0068F6
___lwmod@counter              cstackCOMRAM 000005
___lwmod@dividend             cstackCOMRAM 000001
___lwmod@divisor              cstackCOMRAM 000003
___param_bank                 (abs)        000010
___rparam_used                (abs)        000001
___sp                         stack        000000
___wmul                       text19       0067C0
___wmul@multiplicand          cstackCOMRAM 000003
___wmul@multiplier            cstackCOMRAM 000001
___wmul@product               cstackCOMRAM 000005
__accesstop                   (abs)        000060
__activetblptr                (abs)        000002
__end_of_I2C_Init             text40       006740
__end_of_I2C_Ready            text39       0066CC
__end_of_I2C_Start            text37       006710
__end_of_I2C_Stop             text36       0066D8
__end_of_I2C_Write            text38       0066FA
__end_of_OLED_Clear           text31       00697E
__end_of_OLED_Command         text33       00675A
__end_of_OLED_Init            text30       006E3C
__end_of_OLED_PutChar         text34       00702C
__end_of_OLED_Write_Float     text15       0068B6
__end_of_OLED_Write_Integer   text10       00687C
__end_of_OLED_Write_String    text29       006A1A
__end_of_OLED_YX              text32       006846
__end_of_OledFont             mediumconst  007F9F
__end_of_USART_Init           text7        006C92
__end_of_USART_Write          text6        0066E4
__end_of_USART_Write_Text     text5        006BA0
__end_of___aldiv              text3        0071A6
__end_of___altoft             text9        006C18
__end_of___ftadd              text25       00772E
__end_of___ftdiv              text8        00728C
__end_of___ftge               text4        006DA4
__end_of___ftmul              text27       007380
__end_of___ftneg              text26       00679C
__end_of___ftpack             text28       0070DA
__end_of___ftsub              text24       0068F6
__end_of___fttol              text23       007474
__end_of___lldiv              text21       006D14
__end_of___llmod              text20       006B2E
__end_of___lltoft             text22       006AC8
__end_of___lwdiv              text14       006A6C
__end_of___lwmod              text13       006938
__end_of___wmul               text19       0067E6
__end_of__initialization      cinit        00671C
__end_of_delay_ms             text1        0067C0
__end_of_delay_us             text2        006812
__end_of_dpowers              mediumconst  007C9F
__end_of_ftoa                 text16       007582
__end_of_isdigit              text18       006778
__end_of_itoa                 text11       0069C8
__end_of_main                 text0        00794A
__end_of_memmove              text35       006EE0
__end_of_sprintf              text17       007C76
__end_of_utoa                 text12       006F84
__initialization              cinit        006710
__mediumconst                 mediumconst  007C76
__pbssCOMRAM                  bssCOMRAM    00004F
__pcinit                      cinit        006710
__pcstackCOMRAM               cstackCOMRAM 000001
__pmediumconst                mediumconst  007C76
__ptext0                      text0        00772E
__ptext1                      text1        00679C
__ptext10                     text10       006846
__ptext11                     text11       00697E
__ptext12                     text12       006EE0
__ptext13                     text13       0068F6
__ptext14                     text14       006A1A
__ptext15                     text15       00687C
__ptext16                     text16       007474
__ptext17                     text17       00794A
__ptext18                     text18       00675A
__ptext19                     text19       0067C0
__ptext2                      text2        0067E6
__ptext20                     text20       006AC8
__ptext21                     text21       006C92
__ptext22                     text22       006A6C
__ptext23                     text23       007380
__ptext24                     text24       0068B6
__ptext25                     text25       007582
__ptext26                     text26       006778
__ptext27                     text27       00728C
__ptext28                     text28       00702C
__ptext29                     text29       0069C8
__ptext3                      text3        0070DA
__ptext30                     text30       006DA4
__ptext31                     text31       006938
__ptext32                     text32       006812
__ptext33                     text33       006740
__ptext34                     text34       006F84
__ptext35                     text35       006E3C
__ptext36                     text36       0066CC
__ptext37                     text37       0066FA
__ptext38                     text38       0066E4
__ptext39                     text39       0066C4
__ptext4                      text4        006D14
__ptext40                     text40       006726
__ptext5                      text5        006B2E
__ptext6                      text6        0066D8
__ptext7                      text7        006C18
__ptext8                      text8        0071A6
__ptext9                      text9        006BA0
__ramtop                      ramtop       000800
__size_of_I2C_Init            (abs)        000000
__size_of_I2C_Ready           (abs)        000000
__size_of_I2C_Start           (abs)        000000
__size_of_I2C_Stop            (abs)        000000
__size_of_I2C_Write           (abs)        000000
__size_of_OLED_Clear          (abs)        000000
__size_of_OLED_Command        (abs)        000000
__size_of_OLED_Init           (abs)        000000
__size_of_OLED_PutChar        (abs)        000000
__size_of_OLED_Write_Float    (abs)        000000
__size_of_OLED_Write_Integer  (abs)        000000
__size_of_OLED_Write_String   (abs)        000000
__size_of_OLED_YX             (abs)        000000
__size_of_USART_Init          (abs)        000000
__size_of_USART_Write         (abs)        000000
__size_of_USART_Write_Text    (abs)        000000
__size_of___aldiv             (abs)        000000
__size_of___altoft            (abs)        000000
__size_of___ftadd             (abs)        000000
__size_of___ftdiv             (abs)        000000
__size_of___ftge              (abs)        000000
__size_of___ftmul             (abs)        000000
__size_of___ftneg             (abs)        000000
__size_of___ftpack            (abs)        000000
__size_of___ftsub             (abs)        000000
__size_of___fttol             (abs)        000000
__size_of___lldiv             (abs)        000000
__size_of___llmod             (abs)        000000
__size_of___lltoft            (abs)        000000
__size_of___lwdiv             (abs)        000000
__size_of___lwmod             (abs)        000000
__size_of___wmul              (abs)        000000
__size_of_delay_ms            (abs)        000000
__size_of_delay_us            (abs)        000000
__size_of_ftoa                (abs)        000000
__size_of_isdigit             (abs)        000000
__size_of_itoa                (abs)        000000
__size_of_main                (abs)        000000
__size_of_memmove             (abs)        000000
__size_of_sprintf             (abs)        000000
__size_of_utoa                (abs)        000000
__smallconst                  smallconst   000000
_delay_ms                     text1        00679C
_delay_us                     text2        0067E6
_dpowers                      mediumconst  007C77
_ftoa                         text16       007474
_isdigit                      text18       00675A
_isdigit$752                  cstackCOMRAM 000002
_itoa                         text11       00697E
_main                         text0        00772E
_memmove                      text35       006E3C
_sprintf                      text17       00794A
_utoa                         text12       006EE0
delay_ms@i                    cstackCOMRAM 000014
delay_ms@ms                   cstackCOMRAM 000012
delay_us@us                   cstackCOMRAM 000011
delay_us@x                    cstackCOMRAM 00000F
end_of_initialization         cinit        00671C
ftoa@buf                      bssCOMRAM    00004F
ftoa@cp                       cstackCOMRAM 000041
ftoa@f                        cstackCOMRAM 000034
ftoa@l                        cstackCOMRAM 00003D
ftoa@rem                      cstackCOMRAM 000039
ftoa@status                   cstackCOMRAM 000037
intlevel0                     text         000000
intlevel1                     text         000000
intlevel2                     text         000000
intlevel3                     text         000000
isdigit@c                     cstackCOMRAM 000003
itoa@base                     cstackCOMRAM 000015
itoa@buf                      cstackCOMRAM 000011
itoa@cp                       cstackCOMRAM 000017
itoa@val                      cstackCOMRAM 000013
main@count                    cstackCOMRAM 00004A
main@dec                      cstackCOMRAM 00004C
memmove@d                     cstackCOMRAM 000009
memmove@d1                    cstackCOMRAM 000001
memmove@n                     cstackCOMRAM 000005
memmove@s                     cstackCOMRAM 00000B
memmove@s1                    cstackCOMRAM 000003
sprintf@ap                    cstackCOMRAM 000028
sprintf@c                     cstackCOMRAM 000032
sprintf@f                     cstackCOMRAM 000019
sprintf@flag                  cstackCOMRAM 000027
sprintf@prec                  cstackCOMRAM 000030
sprintf@sp                    cstackCOMRAM 000017
sprintf@val                   cstackCOMRAM 00002A
sprintf@width                 cstackCOMRAM 00002E
stackhi                       (abs)        0007FF
stacklo                       (abs)        000060
start                         init         000000
start_initialization          cinit        006710
utoa@base                     cstackCOMRAM 00000C
utoa@buf                      cstackCOMRAM 000008
utoa@c                        cstackCOMRAM 000010
utoa@v                        cstackCOMRAM 00000E
utoa@val                      cstackCOMRAM 00000A


FUNCTION INFORMATION:

 *************** function _main *****************
 Defined at:
		line 373 in file "Main.c"
 Parameters:    Size  Location     Type
		None
 Auto vars:     Size  Location     Type
  dec             3   75[COMRAM] float 
  count           2   73[COMRAM] int 
 Return value:  Size  Location     Type
                  1    wreg      void 
 Registers used:
		wreg, fsr2l, fsr2h, status,2, status,0, tblptrl, tblptrh, tblptru, prodl, prodh, cstack
 Tracked objects:
		On entry : 
		On exit  : 
		Unchanged: 
 Data sizes:     COMRAM   BANK0   BANK1   BANK2   BANK3   BANK4   BANK5   BANK6   BANK7
      Params:         0       0       0       0       0       0       0       0       0
      Locals:         5       0       0       0       0       0       0       0       0
      Temps:          0       0       0       0       0       0       0       0       0
      Totals:         5       0       0       0       0       0       0       0       0
Total ram usage:        5 bytes
 Hardware stack levels required when called:    6
 This function calls:
		_I2C_Init
		_OLED_Clear
		_OLED_Init
		_OLED_Write_Float
		_OLED_Write_Integer
		_OLED_Write_String
		_OLED_YX
		_USART_Init
		_USART_Write
		_USART_Write_Text
		___ftadd
		___ftge
		_delay_ms
 This function is called by:
		Startup code after reset
 This function uses a non-reentrant model


 *************** function _delay_ms *****************
 Defined at:
		line 43 in file "18F4553_STD.c"
 Parameters:    Size  Location     Type
  ms              2   17[COMRAM] unsigned int 
 Auto vars:     Size  Location     Type
  i               1   19[COMRAM] unsigned char 
 Return value:  Size  Location     Type
                  1    wreg      void 
 Registers used:
		wreg, status,2, status,0, cstack
 Tracked objects:
		On entry : 
		On exit  : 
		Unchanged: 
 Data sizes:     COMRAM   BANK0   BANK1   BANK2   BANK3   BANK4   BANK5   BANK6   BANK7
      Params:         2       0       0       0       0       0       0       0       0
      Locals:         1       0       0       0       0       0       0       0       0
      Temps:          0       0       0       0       0       0       0       0       0
      Totals:         3       0       0       0       0       0       0       0       0
Total ram usage:        3 bytes
 Hardware stack levels used:    1
 Hardware stack levels required when called:    2
 This function calls:
		_delay_us
 This function is called by:
		_main
 This function uses a non-reentrant model


 *************** function _delay_us *****************
 Defined at:
		line 29 in file "18F4553_STD.c"
 Parameters:    Size  Location     Type
  x               2   14[COMRAM] unsigned int 
 Auto vars:     Size  Location     Type
  us              1   16[COMRAM] unsigned char 
 Return value:  Size  Location     Type
                  1    wreg      void 
 Registers used:
		wreg, status,2, status,0, cstack
 Tracked objects:
		On entry : 
		On exit  : 
		Unchanged: 
 Data sizes:     COMRAM   BANK0   BANK1   BANK2   BANK3   BANK4   BANK5   BANK6   BANK7
      Params:         2       0       0       0       0       0       0       0       0
      Locals:         1       0       0       0       0       0       0       0       0
      Temps:          0       0       0       0       0       0       0       0       0
      Totals:         3       0       0       0       0       0       0       0       0
Total ram usage:        3 bytes
 Hardware stack levels used:    1
 Hardware stack levels required when called:    1
 This function calls:
		___aldiv
 This function is called by:
		_delay_ms
 This function uses a non-reentrant model


 *************** function ___aldiv *****************
 Defined at:
		line 8 in file "C:\Program Files (x86)\Microchip\xc8\v1.38\sources\common\aldiv.c"
 Parameters:    Size  Location     Type
  dividend        4    0[COMRAM] long 
  divisor         4    4[COMRAM] long 
 Auto vars:     Size  Location     Type
  quotient        4   10[COMRAM] long 
  sign            1    9[COMRAM] unsigned char 
  counter         1    8[COMRAM] unsigned char 
 Return value:  Size  Location     Type
                  4    0[COMRAM] long 
 Registers used:
		wreg, status,2, status,0
 Tracked objects:
		On entry : 
		On exit  : 
		Unchanged: 
 Data sizes:     COMRAM   BANK0   BANK1   BANK2   BANK3   BANK4   BANK5   BANK6   BANK7
      Params:         8       0       0       0       0       0       0       0       0
      Locals:         6       0       0       0       0       0       0       0       0
      Temps:          0       0       0       0       0       0       0       0       0
      Totals:        14       0       0       0       0       0       0       0       0
Total ram usage:       14 bytes
 Hardware stack levels used:    1
 This function calls:
		Nothing
 This function is called by:
		_delay_us
 This function uses a non-reentrant model


 *************** function ___ftge *****************
 Defined at:
		line 4 in file "C:\Program Files (x86)\Microchip\xc8\v1.38\sources\common\ftge.c"
 Parameters:    Size  Location     Type
  ff1             3    0[COMRAM] float 
  ff2             3    3[COMRAM] float 
 Auto vars:     Size  Location     Type
		None
 Return value:  Size  Location     Type
		None               void
 Registers used:
		wreg, status,2, status,0
 Tracked objects:
		On entry : 
		On exit  : 
		Unchanged: 
 Data sizes:     COMRAM   BANK0   BANK1   BANK2   BANK3   BANK4   BANK5   BANK6   BANK7
      Params:         6       0       0       0       0       0       0       0       0
      Locals:         0       0       0       0       0       0       0       0       0
      Temps:          3       0       0       0       0       0       0       0       0
      Totals:         9       0       0       0       0       0       0       0       0
Total ram usage:        9 bytes
 Hardware stack levels used:    1
 This function calls:
		Nothing
 This function is called by:
		_main
 This function uses a non-reentrant model


 *************** function _USART_Write_Text *****************
 Defined at:
		line 65 in file "USART.c"
 Parameters:    Size  Location     Type
  text            2    1[COMRAM] PTR unsigned char 
		 -> ftoa@buf(17), USART_Write_Integer@buf(8), STR_3(6), OLED_Write_Integer@s(20), 
 Auto vars:     Size  Location     Type
  i               2    5[COMRAM] int 
 Return value:  Size  Location     Type
                  1    wreg      void 
 Registers used:
		wreg, fsr2l, fsr2h, status,2, status,0, tblptrl, tblptrh, tblptru, cstack
 Tracked objects:
		On entry : 
		On exit  : 
		Unchanged: 
 Data sizes:     COMRAM   BANK0   BANK1   BANK2   BANK3   BANK4   BANK5   BANK6   BANK7
      Params:         2       0       0       0       0       0       0       0       0
      Locals:         2       0       0       0       0       0       0       0       0
      Temps:          2       0       0       0       0       0       0       0       0
      Totals:         6       0       0       0       0       0       0       0       0
Total ram usage:        6 bytes
 Hardware stack levels used:    1
 Hardware stack levels required when called:    1
 This function calls:
		_USART_Write
 This function is called by:
		_main
		_USART_Write_Integer
		_USART_Write_Float
 This function uses a non-reentrant model


 *************** function _USART_Write *****************
 Defined at:
		line 51 in file "USART.c"
 Parameters:    Size  Location     Type
  out             1    wreg     unsigned char 
 Auto vars:     Size  Location     Type
  out             1    0[COMRAM] unsigned char 
 Return value:  Size  Location     Type
                  1    wreg      void 
 Registers used:
		wreg
 Tracked objects:
		On entry : 
		On exit  : 
		Unchanged: 
 Data sizes:     COMRAM   BANK0   BANK1   BANK2   BANK3   BANK4   BANK5   BANK6   BANK7
      Params:         0       0       0       0       0       0       0       0       0
      Locals:         1       0       0       0       0       0       0       0       0
      Temps:          0       0       0       0       0       0       0       0       0
      Totals:         1       0       0       0       0       0       0       0       0
Total ram usage:        1 bytes
 Hardware stack levels used:    1
 This function calls:
		Nothing
 This function is called by:
		_main
		_USART_Write_Text
 This function uses a non-reentrant model


 *************** function _USART_Init *****************
 Defined at:
		line 27 in file "USART.c"
 Parameters:    Size  Location     Type
  baud_rate       4   45[COMRAM] long 
 Auto vars:     Size  Location     Type
  temp            3   49[COMRAM] float 
 Return value:  Size  Location     Type
                  1    wreg      void 
 Registers used:
		wreg, status,2, status,0, cstack
 Tracked objects:
		On entry : 
		On exit  : 
		Unchanged: 
 Data sizes:     COMRAM   BANK0   BANK1   BANK2   BANK3   BANK4   BANK5   BANK6   BANK7
      Params:         4       0       0       0       0       0       0       0       0
      Locals:         3       0       0       0       0       0       0       0       0
      Temps:          0       0       0       0       0       0       0       0       0
      Totals:         7       0       0       0       0       0       0       0       0
Total ram usage:        7 bytes
 Hardware stack levels used:    1
 Hardware stack levels required when called:    2
 This function calls:
		___altoft
		___ftadd
		___ftdiv
		___fttol
 This function is called by:
		_main
 This function uses a non-reentrant model


 *************** function ___ftdiv *****************
 Defined at:
		line 54 in file "C:\Program Files (x86)\Microchip\xc8\v1.38\sources\common\ftdiv.c"
 Parameters:    Size  Location     Type
  f1              3   18[COMRAM] float 
  f2              3   21[COMRAM] float 
 Auto vars:     Size  Location     Type
  f3              3   28[COMRAM] float 
  sign            1   32[COMRAM] unsigned char 
  exp             1   31[COMRAM] unsigned char 
  cntr            1   27[COMRAM] unsigned char 
 Return value:  Size  Location     Type
                  3   18[COMRAM] float 
 Registers used:
		wreg, status,2, status,0, cstack
 Tracked objects:
		On entry : 
		On exit  : 
		Unchanged: 
 Data sizes:     COMRAM   BANK0   BANK1   BANK2   BANK3   BANK4   BANK5   BANK6   BANK7
      Params:         6       0       0       0       0       0       0       0       0
      Locals:         6       0       0       0       0       0       0       0       0
      Temps:          3       0       0       0       0       0       0       0       0
      Totals:        15       0       0       0       0       0       0       0       0
Total ram usage:       15 bytes
 Hardware stack levels used:    1
 Hardware stack levels required when called:    1
 This function calls:
		___ftpack
 This function is called by:
		_USART_Init
 This function uses a non-reentrant model


 *************** function ___altoft *****************
 Defined at:
		line 42 in file "C:\Program Files (x86)\Microchip\xc8\v1.38\sources\common\altoft.c"
 Parameters:    Size  Location     Type
  c               4    8[COMRAM] long 
 Auto vars:     Size  Location     Type
  sign            1   17[COMRAM] unsigned char 
  exp             1   16[COMRAM] unsigned char 
 Return value:  Size  Location     Type
                  3    8[COMRAM] float 
 Registers used:
		wreg, status,2, status,0, cstack
 Tracked objects:
		On entry : 
		On exit  : 
		Unchanged: 
 Data sizes:     COMRAM   BANK0   BANK1   BANK2   BANK3   BANK4   BANK5   BANK6   BANK7
      Params:         4       0       0       0       0       0       0       0       0
      Locals:         2       0       0       0       0       0       0       0       0
      Temps:          4       0       0       0       0       0       0       0       0
      Totals:        10       0       0       0       0       0       0       0       0
Total ram usage:       10 bytes
 Hardware stack levels used:    1
 Hardware stack levels required when called:    1
 This function calls:
		___ftpack
 This function is called by:
		_USART_Init
 This function uses a non-reentrant model


 *************** function _OLED_Write_Integer *****************
 Defined at:
		line 335 in file "Main.c"
 Parameters:    Size  Location     Type
  i               1    wreg     unsigned char 
 Auto vars:     Size  Location     Type
  i               1   52[COMRAM] unsigned char 
  s              20   32[COMRAM] unsigned char [20]
 Return value:  Size  Location     Type
                  1    wreg      void 
 Registers used:
		wreg, fsr2l, fsr2h, status,2, status,0, tblptrl, tblptrh, tblptru, cstack
 Tracked objects:
		On entry : 
		On exit  : 
		Unchanged: 
 Data sizes:     COMRAM   BANK0   BANK1   BANK2   BANK3   BANK4   BANK5   BANK6   BANK7
      Params:         0       0       0       0       0       0       0       0       0
      Locals:        21       0       0       0       0       0       0       0       0
      Temps:          0       0       0       0       0       0       0       0       0
      Totals:        21       0       0       0       0       0       0       0       0
Total ram usage:       21 bytes
 Hardware stack levels used:    1
 Hardware stack levels required when called:    5
 This function calls:
		_OLED_Write_String
		_itoa
 This function is called by:
		_main
 This function uses a non-reentrant model


 *************** function _itoa *****************
 Defined at:
		line 4 in file "C:\Program Files (x86)\Microchip\xc8\v1.38\sources\common\itoa.c"
 Parameters:    Size  Location     Type
  buf             2   16[COMRAM] PTR unsigned char 
		 -> USART_Write_Integer@buf(8), OLED_Write_Integer@s(20), 
  val             2   18[COMRAM] int 
  base            2   20[COMRAM] int 
 Auto vars:     Size  Location     Type
  cp              2   22[COMRAM] PTR unsigned char 
		 -> USART_Write_Integer@buf(8), OLED_Write_Integer@s(20), 
 Return value:  Size  Location     Type
                  2   16[COMRAM] PTR unsigned char 
 Registers used:
		wreg, fsr2l, fsr2h, status,2, status,0, cstack
 Tracked objects:
		On entry : 
		On exit  : 
		Unchanged: 
 Data sizes:     COMRAM   BANK0   BANK1   BANK2   BANK3   BANK4   BANK5   BANK6   BANK7
      Params:         6       0       0       0       0       0       0       0       0
      Locals:         2       0       0       0       0       0       0       0       0
      Temps:          0       0       0       0       0       0       0       0       0
      Totals:         8       0       0       0       0       0       0       0       0
Total ram usage:        8 bytes
 Hardware stack levels used:    1
 Hardware stack levels required when called:    2
 This function calls:
		_utoa
 This function is called by:
		_OLED_Write_Integer
		_USART_Write_Integer
 This function uses a non-reentrant model


 *************** function _utoa *****************
 Defined at:
		line 17 in file "C:\Program Files (x86)\Microchip\xc8\v1.38\sources\common\itoa.c"
 Parameters:    Size  Location     Type
  buf             2    7[COMRAM] PTR unsigned char 
		 -> USART_Write_Integer@buf(8), OLED_Write_Integer@s(20), 
  val             2    9[COMRAM] unsigned int 
  base            2   11[COMRAM] int 
 Auto vars:     Size  Location     Type
  v               2   13[COMRAM] unsigned int 
  c               1   15[COMRAM] unsigned char 
 Return value:  Size  Location     Type
                  2    7[COMRAM] PTR unsigned char 
 Registers used:
		wreg, fsr2l, fsr2h, status,2, status,0, cstack
 Tracked objects:
		On entry : 
		On exit  : 
		Unchanged: 
 Data sizes:     COMRAM   BANK0   BANK1   BANK2   BANK3   BANK4   BANK5   BANK6   BANK7
      Params:         6       0       0       0       0       0       0       0       0
      Locals:         3       0       0       0       0       0       0       0       0
      Temps:          0       0       0       0       0       0       0       0       0
      Totals:         9       0       0       0       0       0       0       0       0
Total ram usage:        9 bytes
 Hardware stack levels used:    1
 Hardware stack levels required when called:    1
 This function calls:
		___lwdiv
		___lwmod
 This function is called by:
		_itoa
 This function uses a non-reentrant model


 *************** function ___lwmod *****************
 Defined at:
		line 8 in file "C:\Program Files (x86)\Microchip\xc8\v1.38\sources\common\lwmod.c"
 Parameters:    Size  Location     Type
  dividend        2    0[COMRAM] unsigned int 
  divisor         2    2[COMRAM] unsigned int 
 Auto vars:     Size  Location     Type
  counter         1    4[COMRAM] unsigned char 
 Return value:  Size  Location     Type
                  2    0[COMRAM] unsigned int 
 Registers used:
		wreg, status,2, status,0
 Tracked objects:
		On entry : 
		On exit  : 
		Unchanged: 
 Data sizes:     COMRAM   BANK0   BANK1   BANK2   BANK3   BANK4   BANK5   BANK6   BANK7
      Params:         4       0       0       0       0       0       0       0       0
      Locals:         1       0       0       0       0       0       0       0       0
      Temps:          0       0       0       0       0       0       0       0       0
      Totals:         5       0       0       0       0       0       0       0       0
Total ram usage:        5 bytes
 Hardware stack levels used:    1
 This function calls:
		Nothing
 This function is called by:
		_utoa
 This function uses a non-reentrant model


 *************** function ___lwdiv *****************
 Defined at:
		line 8 in file "C:\Program Files (x86)\Microchip\xc8\v1.38\sources\common\lwdiv.c"
 Parameters:    Size  Location     Type
  dividend        2    0[COMRAM] unsigned int 
  divisor         2    2[COMRAM] unsigned int 
 Auto vars:     Size  Location     Type
  quotient        2    4[COMRAM] unsigned int 
  counter         1    6[COMRAM] unsigned char 
 Return value:  Size  Location     Type
                  2    0[COMRAM] unsigned int 
 Registers used:
		wreg, status,2, status,0
 Tracked objects:
		On entry : 
		On exit  : 
		Unchanged: 
 Data sizes:     COMRAM   BANK0   BANK1   BANK2   BANK3   BANK4   BANK5   BANK6   BANK7
      Params:         4       0       0       0       0       0       0       0       0
      Locals:         3       0       0       0       0       0       0       0       0
      Temps:          0       0       0       0       0       0       0       0       0
      Totals:         7       0       0       0       0       0       0       0       0
Total ram usage:        7 bytes
 Hardware stack levels used:    1
 This function calls:
		Nothing
 This function is called by:
		_utoa
 This function uses a non-reentrant model


 *************** function _OLED_Write_Float *****************
 Defined at:
		line 352 in file "Main.c"
 Parameters:    Size  Location     Type
  f               3   66[COMRAM] float 
 Auto vars:     Size  Location     Type
  buf11           2   71[COMRAM] PTR unsigned char 
		 -> ftoa@buf(17), 
  status          2   69[COMRAM] int 
 Return value:  Size  Location     Type
                  1    wreg      void 
 Registers used:
		wreg, fsr2l, fsr2h, status,2, status,0, tblptrl, tblptrh, tblptru, prodl, prodh, cstack
 Tracked objects:
		On entry : 
		On exit  : 
		Unchanged: 
 Data sizes:     COMRAM   BANK0   BANK1   BANK2   BANK3   BANK4   BANK5   BANK6   BANK7
      Params:         3       0       0       0       0       0       0       0       0
      Locals:         4       0       0       0       0       0       0       0       0
      Temps:          0       0       0       0       0       0       0       0       0
      Totals:         7       0       0       0       0       0       0       0       0
Total ram usage:        7 bytes
 Hardware stack levels used:    1
 Hardware stack levels required when called:    5
 This function calls:
		_OLED_Write_String
		_ftoa
 This function is called by:
		_main
 This function uses a non-reentrant model


 *************** function _ftoa *****************
 Defined at:
		line 6 in file "C:\Program Files (x86)\Microchip\xc8\v1.38\sources\common\ftoa.c"
 Parameters:    Size  Location     Type
  f               3   51[COMRAM] float 
  status          2   54[COMRAM] PTR int 
		 -> USART_Write_Float@status(2), OLED_Write_Float@status(2), 
 Auto vars:     Size  Location     Type
  l               4   60[COMRAM] unsigned long 
  rem             4   56[COMRAM] unsigned long 
  cp              2   64[COMRAM] PTR unsigned char 
		 -> ftoa@buf(17), 
 Return value:  Size  Location     Type
                  2   51[COMRAM] PTR unsigned char 
 Registers used:
		wreg, fsr2l, fsr2h, status,2, status,0, tblptrl, tblptrh, tblptru, prodl, prodh, cstack
 Tracked objects:
		On entry : 
		On exit  : 
		Unchanged: 
 Data sizes:     COMRAM   BANK0   BANK1   BANK2   BANK3   BANK4   BANK5   BANK6   BANK7
      Params:         5       0       0       0       0       0       0       0       0
      Locals:        10       0       0       0       0       0       0       0       0
      Temps:          0       0       0       0       0       0       0       0       0
      Totals:        15       0       0       0       0       0       0       0       0
Total ram usage:       15 bytes
 Hardware stack levels used:    1
 Hardware stack levels required when called:    3
 This function calls:
		___ftmul
		___ftneg
		___ftsub
		___fttol
		___lltoft
		_sprintf
 This function is called by:
		_OLED_Write_Float
		_USART_Write_Float
 This function uses a non-reentrant model


 *************** function _sprintf *****************
 Defined at:
		line 492 in file "C:\Program Files (x86)\Microchip\xc8\v1.38\sources\common\doprnt.c"
 Parameters:    Size  Location     Type
  sp              2   22[COMRAM] PTR unsigned char 
		 -> ftoa@buf(17), 
  f               2   24[COMRAM] PTR const unsigned char 
		 -> STR_10(11), 
 Auto vars:     Size  Location     Type
  val             4   41[COMRAM] unsigned long 
  tmpval          4    0        struct .
  cp              3    0        PTR const unsigned char 
  prec            2   47[COMRAM] int 
  width           2   45[COMRAM] int 
  ap              2   39[COMRAM] PTR void [1]
		 -> ?_sprintf(2), 
  len             2    0        unsigned int 
  c               1   49[COMRAM] char 
  flag            1   38[COMRAM] unsigned char 
 Return value:  Size  Location     Type
                  2   22[COMRAM] int 
 Registers used:
		wreg, fsr2l, fsr2h, status,2, status,0, tblptrl, tblptrh, tblptru, prodl, prodh, cstack
 Tracked objects:
		On entry : 
		On exit  : 
		Unchanged: 
 Data sizes:     COMRAM   BANK0   BANK1   BANK2   BANK3   BANK4   BANK5   BANK6   BANK7
      Params:        12       0       0       0       0       0       0       0       0
      Locals:        12       0       0       0       0       0       0       0       0
      Temps:          4       0       0       0       0       0       0       0       0
      Totals:        28       0       0       0       0       0       0       0       0
Total ram usage:       28 bytes
 Hardware stack levels used:    1
 Hardware stack levels required when called:    1
 This function calls:
		___lldiv
		___llmod
		___wmul
		_isdigit
 This function is called by:
		_ftoa
 This function uses a non-reentrant model


 *************** function _isdigit *****************
 Defined at:
		line 8 in file "C:\Program Files (x86)\Microchip\xc8\v1.38\sources\common\isdigit.c"
 Parameters:    Size  Location     Type
  c               1    wreg     unsigned char 
 Auto vars:     Size  Location     Type
  c               1    2[COMRAM] unsigned char 
 Return value:  Size  Location     Type
		None               void
 Registers used:
		wreg, status,2, status,0
 Tracked objects:
		On entry : 
		On exit  : 
		Unchanged: 
 Data sizes:     COMRAM   BANK0   BANK1   BANK2   BANK3   BANK4   BANK5   BANK6   BANK7
      Params:         0       0       0       0       0       0       0       0       0
      Locals:         2       0       0       0       0       0       0       0       0
      Temps:          1       0       0       0       0       0       0       0       0
      Totals:         3       0       0       0       0       0       0       0       0
Total ram usage:        3 bytes
 Hardware stack levels used:    1
 This function calls:
		Nothing
 This function is called by:
		_sprintf
 This function uses a non-reentrant model


 *************** function ___wmul *****************
 Defined at:
		line 15 in file "C:\Program Files (x86)\Microchip\xc8\v1.38\sources\common\Umul16.c"
 Parameters:    Size  Location     Type
  multiplier      2    0[COMRAM] unsigned int 
  multiplicand    2    2[COMRAM] unsigned int 
 Auto vars:     Size  Location     Type
  product         2    4[COMRAM] unsigned int 
 Return value:  Size  Location     Type
                  2    0[COMRAM] unsigned int 
 Registers used:
		wreg, status,2, status,0, prodl, prodh
 Tracked objects:
		On entry : 
		On exit  : 
		Unchanged: 
 Data sizes:     COMRAM   BANK0   BANK1   BANK2   BANK3   BANK4   BANK5   BANK6   BANK7
      Params:         4       0       0       0       0       0       0       0       0
      Locals:         2       0       0       0       0       0       0       0       0
      Temps:          0       0       0       0       0       0       0       0       0
      Totals:         6       0       0       0       0       0       0       0       0
Total ram usage:        6 bytes
 Hardware stack levels used:    1
 This function calls:
		Nothing
 This function is called by:
		_sprintf
 This function uses a non-reentrant model


 *************** function ___llmod *****************
 Defined at:
		line 8 in file "C:\Program Files (x86)\Microchip\xc8\v1.38\sources\common\llmod.c"
 Parameters:    Size  Location     Type
  dividend        4   13[COMRAM] unsigned long 
  divisor         4   17[COMRAM] unsigned long 
 Auto vars:     Size  Location     Type
  counter         1   21[COMRAM] unsigned char 
 Return value:  Size  Location     Type
                  4   13[COMRAM] unsigned long 
 Registers used:
		wreg, status,2, status,0
 Tracked objects:
		On entry : 
		On exit  : 
		Unchanged: 
 Data sizes:     COMRAM   BANK0   BANK1   BANK2   BANK3   BANK4   BANK5   BANK6   BANK7
      Params:         8       0       0       0       0       0       0       0       0
      Locals:         1       0       0       0       0       0       0       0       0
      Temps:          0       0       0       0       0       0       0       0       0
      Totals:         9       0       0       0       0       0       0       0       0
Total ram usage:        9 bytes
 Hardware stack levels used:    1
 This function calls:
		Nothing
 This function is called by:
		_sprintf
 This function uses a non-reentrant model


 *************** function ___lldiv *****************
 Defined at:
		line 8 in file "C:\Program Files (x86)\Microchip\xc8\v1.38\sources\common\lldiv.c"
 Parameters:    Size  Location     Type
  dividend        4    0[COMRAM] unsigned long 
  divisor         4    4[COMRAM] unsigned long 
 Auto vars:     Size  Location     Type
  quotient        4    8[COMRAM] unsigned long 
  counter         1   12[COMRAM] unsigned char 
 Return value:  Size  Location     Type
                  4    0[COMRAM] unsigned long 
 Registers used:
		wreg, status,2, status,0
 Tracked objects:
		On entry : 
		On exit  : 
		Unchanged: 
 Data sizes:     COMRAM   BANK0   BANK1   BANK2   BANK3   BANK4   BANK5   BANK6   BANK7
      Params:         8       0       0       0       0       0       0       0       0
      Locals:         5       0       0       0       0       0       0       0       0
      Temps:          0       0       0       0       0       0       0       0       0
      Totals:        13       0       0       0       0       0       0       0       0
Total ram usage:       13 bytes
 Hardware stack levels used:    1
 This function calls:
		Nothing
 This function is called by:
		_sprintf
 This function uses a non-reentrant model


 *************** function ___lltoft *****************
 Defined at:
		line 35 in file "C:\Program Files (x86)\Microchip\xc8\v1.38\sources\common\lltoft.c"
 Parameters:    Size  Location     Type
  c               4    8[COMRAM] unsigned long 
 Auto vars:     Size  Location     Type
  exp             1   16[COMRAM] unsigned char 
 Return value:  Size  Location     Type
                  3    8[COMRAM] float 
 Registers used:
		wreg, status,2, status,0, cstack
 Tracked objects:
		On entry : 
		On exit  : 
		Unchanged: 
 Data sizes:     COMRAM   BANK0   BANK1   BANK2   BANK3   BANK4   BANK5   BANK6   BANK7
      Params:         4       0       0       0       0       0       0       0       0
      Locals:         1       0       0       0       0       0       0       0       0
      Temps:          4       0       0       0       0       0       0       0       0
      Totals:         9       0       0       0       0       0       0       0       0
Total ram usage:        9 bytes
 Hardware stack levels used:    1
 Hardware stack levels required when called:    1
 This function calls:
		___ftpack
 This function is called by:
		_ftoa
 This function uses a non-reentrant model


 *************** function ___fttol *****************
 Defined at:
		line 44 in file "C:\Program Files (x86)\Microchip\xc8\v1.38\sources\common\fttol.c"
 Parameters:    Size  Location     Type
  f1              3   23[COMRAM] float 
 Auto vars:     Size  Location     Type
  lval            4   33[COMRAM] unsigned long 
  exp1            1   37[COMRAM] unsigned char 
  sign1           1   32[COMRAM] unsigned char 
 Return value:  Size  Location     Type
                  4   23[COMRAM] long 
 Registers used:
		wreg, status,2, status,0
 Tracked objects:
		On entry : 
		On exit  : 
		Unchanged: 
 Data sizes:     COMRAM   BANK0   BANK1   BANK2   BANK3   BANK4   BANK5   BANK6   BANK7
      Params:         4       0       0       0       0       0       0       0       0
      Locals:         6       0       0       0       0       0       0       0       0
      Temps:          5       0       0       0       0       0       0       0       0
      Totals:        15       0       0       0       0       0       0       0       0
Total ram usage:       15 bytes
 Hardware stack levels used:    1
 This function calls:
		Nothing
 This function is called by:
		_USART_Init
		_ftoa
 This function uses a non-reentrant model


 *************** function ___ftsub *****************
 Defined at:
		line 20 in file "C:\Program Files (x86)\Microchip\xc8\v1.38\sources\common\ftsub.c"
 Parameters:    Size  Location     Type
  f1              3   45[COMRAM] float 
  f2              3   48[COMRAM] float 
 Auto vars:     Size  Location     Type
		None
 Return value:  Size  Location     Type
                  3   45[COMRAM] float 
 Registers used:
		wreg, status,2, status,0, cstack
 Tracked objects:
		On entry : 
		On exit  : 
		Unchanged: 
 Data sizes:     COMRAM   BANK0   BANK1   BANK2   BANK3   BANK4   BANK5   BANK6   BANK7
      Params:         6       0       0       0       0       0       0       0       0
      Locals:         0       0       0       0       0       0       0       0       0
      Temps:          0       0       0       0       0       0       0       0       0
      Totals:         6       0       0       0       0       0       0       0       0
Total ram usage:        6 bytes
 Hardware stack levels used:    1
 Hardware stack levels required when called:    2
 This function calls:
		___ftadd
 This function is called by:
		_ftoa
 This function uses a non-reentrant model


 *************** function ___ftadd *****************
 Defined at:
		line 86 in file "C:\Program Files (x86)\Microchip\xc8\v1.38\sources\common\ftadd.c"
 Parameters:    Size  Location     Type
  f1              3   33[COMRAM] float 
  f2              3   36[COMRAM] float 
 Auto vars:     Size  Location     Type
  exp1            1   44[COMRAM] unsigned char 
  exp2            1   43[COMRAM] unsigned char 
  sign            1   42[COMRAM] unsigned char 
 Return value:  Size  Location     Type
                  3   33[COMRAM] float 
 Registers used:
		wreg, status,2, status,0, cstack
 Tracked objects:
		On entry : 
		On exit  : 
		Unchanged: 
 Data sizes:     COMRAM   BANK0   BANK1   BANK2   BANK3   BANK4   BANK5   BANK6   BANK7
      Params:         6       0       0       0       0       0       0       0       0
      Locals:         3       0       0       0       0       0       0       0       0
      Temps:          3       0       0       0       0       0       0       0       0
      Totals:        12       0       0       0       0       0       0       0       0
Total ram usage:       12 bytes
 Hardware stack levels used:    1
[...]
		None
 Return value:  Size  Location     Type
                  1    wreg      void 
 Registers used:
		wreg, fsr2l, fsr2h, status,2, status,0, tblptrl, tblptrh, tblptru, cstack
 Tracked objects:
		On entry : 
		On exit  : 
		Unchanged: 
 Data sizes:     COMRAM   BANK0   BANK1   BANK2   BANK3   BANK4   BANK5   BANK6   BANK7
      Params:         2       0       0       0       0       0       0       0       0
      Locals:         0       0       0       0       0       0       0       0       0
      Temps:          0       0       0       0       0       0       0       0       0
      Totals:         2       0       0       0       0       0       0       0       0
Total ram usage:        2 bytes
 Hardware stack levels used:    1
 Hardware stack levels required when called:    4
 This function calls:
		_OLED_PutChar
 This function is called by:
		_OLED_Write_Integer
		_OLED_Write_Float
		_main
 This function uses a non-reentrant model


 *************** function _OLED_Init *****************
 Defined at:
		line 211 in file "Main.c"
 Parameters:    Size  Location     Type
		None
 Auto vars:     Size  Location     Type
		None
 Return value:  Size  Location     Type
                  1    wreg      void 
 Registers used:
		wreg, status,2, cstack
 Tracked objects:
		On entry : 
		On exit  : 
		Unchanged: 
 Data sizes:     COMRAM   BANK0   BANK1   BANK2   BANK3   BANK4   BANK5   BANK6   BANK7
      Params:         0       0       0       0       0       0       0       0       0
      Locals:         0       0       0       0       0       0       0       0       0
      Temps:          0       0       0       0       0       0       0       0       0
      Totals:         0       0       0       0       0       0       0       0       0
Total ram usage:        0 bytes
 Hardware stack levels used:    1
 Hardware stack levels required when called:    4
 This function calls:
		_OLED_Command
 This function is called by:
		_main
 This function uses a non-reentrant model


 *************** function _OLED_Clear *****************
 Defined at:
		line 300 in file "Main.c"
 Parameters:    Size  Location     Type
		None
 Auto vars:     Size  Location     Type
  col             2   32[COMRAM] unsigned int 
  row             2   30[COMRAM] unsigned int 
 Return value:  Size  Location     Type
                  1    wreg      void 
 Registers used:
		wreg, fsr2l, fsr2h, status,2, status,0, tblptrl, tblptrh, tblptru, prodl, prodh, cstack
 Tracked objects:
		On entry : 
		On exit  : 
		Unchanged: 
 Data sizes:     COMRAM   BANK0   BANK1   BANK2   BANK3   BANK4   BANK5   BANK6   BANK7
      Params:         0       0       0       0       0       0       0       0       0
      Locals:         4       0       0       0       0       0       0       0       0
      Temps:          0       0       0       0       0       0       0       0       0
      Totals:         4       0       0       0       0       0       0       0       0
Total ram usage:        4 bytes
 Hardware stack levels used:    1
 Hardware stack levels required when called:    5
 This function calls:
		_OLED_PutChar
		_OLED_YX
 This function is called by:
		_main
 This function uses a non-reentrant model


 *************** function _OLED_YX *****************
 Defined at:
		line 250 in file "Main.c"
 Parameters:    Size  Location     Type
  Row             1    wreg     unsigned char 
  Column          1    3[COMRAM] unsigned char 
 Auto vars:     Size  Location     Type
  Row             1    5[COMRAM] unsigned char 
 Return value:  Size  Location     Type
                  1    wreg      void 
 Registers used:
		wreg, status,2, status,0, prodl, prodh, cstack
 Tracked objects:
		On entry : 
		On exit  : 
		Unchanged: 
 Data sizes:     COMRAM   BANK0   BANK1   BANK2   BANK3   BANK4   BANK5   BANK6   BANK7
      Params:         1       0       0       0       0       0       0       0       0
      Locals:         1       0       0       0       0       0       0       0       0
      Temps:          1       0       0       0       0       0       0       0       0
      Totals:         3       0       0       0       0       0       0       0       0
Total ram usage:        3 bytes
 Hardware stack levels used:    1
 Hardware stack levels required when called:    4
 This function calls:
		_OLED_Command
 This function is called by:
		_OLED_Clear
		_main
 This function uses a non-reentrant model


 *************** function _OLED_Command *****************
 Defined at:
		line 176 in file "Main.c"
 Parameters:    Size  Location     Type
  temp            1    wreg     unsigned char 
 Auto vars:     Size  Location     Type
  temp            1    2[COMRAM] unsigned char 
 Return value:  Size  Location     Type
                  1    wreg      void 
 Registers used:
		wreg, status,2, cstack
 Tracked objects:
		On entry : 
		On exit  : 
		Unchanged: 
 Data sizes:     COMRAM   BANK0   BANK1   BANK2   BANK3   BANK4   BANK5   BANK6   BANK7
      Params:         0       0       0       0       0       0       0       0       0
      Locals:         1       0       0       0       0       0       0       0       0
      Temps:          0       0       0       0       0       0       0       0       0
      Totals:         1       0       0       0       0       0       0       0       0
Total ram usage:        1 bytes
 Hardware stack levels used:    1
 Hardware stack levels required when called:    3
 This function calls:
		_I2C_Start
		_I2C_Stop
		_I2C_Write
 This function is called by:
		_OLED_Init
		_OLED_YX
 This function uses a non-reentrant model


 *************** function _OLED_PutChar *****************
 Defined at:
		line 266 in file "Main.c"
 Parameters:    Size  Location     Type
  ch              1    wreg     unsigned char 
 Auto vars:     Size  Location     Type
  ch              1   29[COMRAM] unsigned char 
  bytes           9   16[COMRAM] unsigned char [9]
  i               2   27[COMRAM] int 
  base            2   25[COMRAM] PTR const unsigned char 
		 -> OledFont(768), 
 Return value:  Size  Location     Type
                  1    wreg      void 
 Registers used:
		wreg, fsr2l, fsr2h, status,2, status,0, tblptrl, tblptrh, tblptru, cstack
 Tracked objects:
		On entry : 
		On exit  : 
		Unchanged: 
 Data sizes:     COMRAM   BANK0   BANK1   BANK2   BANK3   BANK4   BANK5   BANK6   BANK7
      Params:         0       0       0       0       0       0       0       0       0
      Locals:        14       0       0       0       0       0       0       0       0
      Temps:          4       0       0       0       0       0       0       0       0
      Totals:        18       0       0       0       0       0       0       0       0
Total ram usage:       18 bytes
 Hardware stack levels used:    1
 Hardware stack levels required when called:    3
 This function calls:
		_I2C_Start
		_I2C_Stop
		_I2C_Write
		_memmove
 This function is called by:
		_OLED_Clear
		_OLED_Write_String
 This function uses a non-reentrant model


 *************** function _memmove *****************
 Defined at:
		line 8 in file "C:\Program Files (x86)\Microchip\xc8\v1.38\sources\common\memmove.c"
 Parameters:    Size  Location     Type
  d1              2    0[COMRAM] PTR void 
		 -> OLED_PutChar@bytes(9), 
  s1              2    2[COMRAM] PTR const void 
		 -> OledFont(768), 
  n               2    4[COMRAM] unsigned int 
 Auto vars:     Size  Location     Type
  s               2   10[COMRAM] PTR const unsigned char 
		 -> OledFont(768), 
  d               2    8[COMRAM] PTR unsigned char 
		 -> OLED_PutChar@bytes(9), 
 Return value:  Size  Location     Type
                  2    0[COMRAM] PTR void 
 Registers used:
		wreg, fsr2l, fsr2h, status,2, status,0, tblptrl, tblptrh, tblptru
 Tracked objects:
		On entry : 
		On exit  : 
		Unchanged: 
 Data sizes:     COMRAM   BANK0   BANK1   BANK2   BANK3   BANK4   BANK5   BANK6   BANK7
      Params:         6       0       0       0       0       0       0       0       0
      Locals:         4       0       0       0       0       0       0       0       0
      Temps:          2       0       0       0       0       0       0       0       0
      Totals:        12       0       0       0       0       0       0       0       0
Total ram usage:       12 bytes
 Hardware stack levels used:    1
 This function calls:
		Nothing
 This function is called by:
		_OLED_PutChar
 This function uses a non-reentrant model


 *************** function _I2C_Stop *****************
 Defined at:
		line 212 in file "I2C.c"
 Parameters:    Size  Location     Type
		None
 Auto vars:     Size  Location     Type
		None
 Return value:  Size  Location     Type
                  1    wreg      unsigned char 
 Registers used:
		wreg
 Tracked objects:
		On entry : 
		On exit  : 
		Unchanged: 
 Data sizes:     COMRAM   BANK0   BANK1   BANK2   BANK3   BANK4   BANK5   BANK6   BANK7
      Params:         0       0       0       0       0       0       0       0       0
      Locals:         0       0       0       0       0       0       0       0       0
      Temps:          0       0       0       0       0       0       0       0       0
      Totals:         0       0       0       0       0       0       0       0       0
Total ram usage:        0 bytes
 Hardware stack levels used:    1
 This function calls:
		Nothing
 This function is called by:
		_OLED_Command
		_OLED_PutChar
		_OLED_Data
		_I2C_Start_Wait
 This function uses a non-reentrant model


 *************** function _I2C_Start *****************
 Defined at:
		line 48 in file "I2C.c"
 Parameters:    Size  Location     Type
  slave_write_    1    wreg     unsigned char 
 Auto vars:     Size  Location     Type
  slave_write_    1    1[COMRAM] unsigned char 
 Return value:  Size  Location     Type
                  1    wreg      unsigned char 
 Registers used:
		wreg, status,2, cstack
 Tracked objects:
		On entry : 
		On exit  : 
		Unchanged: 
 Data sizes:     COMRAM   BANK0   BANK1   BANK2   BANK3   BANK4   BANK5   BANK6   BANK7
      Params:         0       0       0       0       0       0       0       0       0
      Locals:         1       0       0       0       0       0       0       0       0
      Temps:          0       0       0       0       0       0       0       0       0
      Totals:         1       0       0       0       0       0       0       0       0
Total ram usage:        1 bytes
 Hardware stack levels used:    1
 Hardware stack levels required when called:    2
 This function calls:
		_I2C_Write
 This function is called by:
		_OLED_Command
		_OLED_PutChar
		_OLED_Data
 This function uses a non-reentrant model


 *************** function _I2C_Write *****************
 Defined at:
		line 128 in file "I2C.c"
 Parameters:    Size  Location     Type
  data            1    wreg     unsigned char 
 Auto vars:     Size  Location     Type
  data            1    0[COMRAM] unsigned char 
 Return value:  Size  Location     Type
                  1    wreg      unsigned char 
 Registers used:
		wreg, cstack
 Tracked objects:
		On entry : 
		On exit  : 
		Unchanged: 
 Data sizes:     COMRAM   BANK0   BANK1   BANK2   BANK3   BANK4   BANK5   BANK6   BANK7
      Params:         0       0       0       0       0       0       0       0       0
      Locals:         1       0       0       0       0       0       0       0       0
      Temps:          0       0       0       0       0       0       0       0       0
      Totals:         1       0       0       0       0       0       0       0       0
Total ram usage:        1 bytes
 Hardware stack levels used:    1
 Hardware stack levels required when called:    1
 This function calls:
		_I2C_Ready
 This function is called by:
		_OLED_Command
		_OLED_PutChar
		_I2C_Start
		_OLED_Data
		_I2C_Start_Wait
		_I2C_Repeated_Start
 This function uses a non-reentrant model


 *************** function _I2C_Ready *****************
 Defined at:
		line 230 in file "I2C.c"
 Parameters:    Size  Location     Type
		None
 Auto vars:     Size  Location     Type
		None
 Return value:  Size  Location     Type
                  1    wreg      void 
 Registers used:
		None
 Tracked objects:
		On entry : 
		On exit  : 
		Unchanged: 
 Data sizes:     COMRAM   BANK0   BANK1   BANK2   BANK3   BANK4   BANK5   BANK6   BANK7
      Params:         0       0       0       0       0       0       0       0       0
      Locals:         0       0       0       0       0       0       0       0       0
      Temps:          0       0       0       0       0       0       0       0       0
      Totals:         0       0       0       0       0       0       0       0       0
Total ram usage:        0 bytes
 Hardware stack levels used:    1
 This function calls:
		Nothing
 This function is called by:
		_I2C_Write
		_I2C_Read
 This function uses a non-reentrant model


 *************** function _I2C_Init *****************
 Defined at:
		line 28 in file "I2C.c"
 Parameters:    Size  Location     Type
		None
 Auto vars:     Size  Location     Type
		None
 Return value:  Size  Location     Type
                  1    wreg      void 
 Registers used:
		wreg, status,2
 Tracked objects:
		On entry : 
		On exit  : 
		Unchanged: 
 Data sizes:     COMRAM   BANK0   BANK1   BANK2   BANK3   BANK4   BANK5   BANK6   BANK7
      Params:         0       0       0       0       0       0       0       0       0
      Locals:         0       0       0       0       0       0       0       0       0
      Temps:          0       0       0       0       0       0       0       0       0
      Totals:         0       0       0       0       0       0       0       0       0
Total ram usage:        0 bytes
 Hardware stack levels used:    1
 This function calls:
		Nothing
 This function is called by:
		_main
 This function uses a non-reentrant model



MODULE INFORMATION

Module		Function		Class		Link	Load	Size
USART.c
		_USART_Write   		CODE           	66D8	0000	13
		_USART_Write_Text		CODE           	6B2E	0000	115
		_USART_Init    		CODE           	6C18	0000	123

USART.c estimated size: 251

C:\Program Files (x86)\Microchip\xc8\v1.38\sources\common\ftsub.c
		___ftsub       		CODE           	68B6	0000	65

C:\Program Files (x86)\Microchip\xc8\v1.38\sources\common\ftsub.c estimated size: 65

C:\Program Files (x86)\Microchip\xc8\v1.38\sources\common\float.c
		___ftpack      		CODE           	702C	0000	175

C:\Program Files (x86)\Microchip\xc8\v1.38\sources\common\float.c estimated size: 175

C:\Program Files (x86)\Microchip\xc8\v1.38\sources\common\lwmod.c
		___lwmod       		CODE           	68F6	0000	67

C:\Program Files (x86)\Microchip\xc8\v1.38\sources\common\lwmod.c estimated size: 67

C:\Program Files (x86)\Microchip\xc8\v1.38\sources\common\llmod.c
		___llmod       		CODE           	6AC8	0000	103

C:\Program Files (x86)\Microchip\xc8\v1.38\sources\common\llmod.c estimated size: 103

C:\Program Files (x86)\Microchip\xc8\v1.38\sources\common\Umul16.c
		___wmul        		CODE           	67C0	0000	39

C:\Program Files (x86)\Microchip\xc8\v1.38\sources\common\Umul16.c estimated size: 39

I2C.c
		_I2C_Write     		CODE           	66E4	0000	23
		_I2C_Stop      		CODE           	66CC	0000	13
		_I2C_Ready     		CODE           	66C4	0000	9
		_I2C_Init      		CODE           	6726	0000	27
		_I2C_Start     		CODE           	66FA	0000	23

I2C.c estimated size: 95

C:\Program Files (x86)\Microchip\xc8\v1.38\sources\common\ftmul.c
		___ftmul       		CODE           	728C	0000	245

C:\Program Files (x86)\Microchip\xc8\v1.38\sources\common\ftmul.c estimated size: 245

C:\Program Files (x86)\Microchip\xc8\v1.38\sources\common\ftdiv.c
		___ftdiv       		CODE           	71A6	0000	231

C:\Program Files (x86)\Microchip\xc8\v1.38\sources\common\ftdiv.c estimated size: 231

C:\Program Files (x86)\Microchip\xc8\v1.38\sources\common\lwdiv.c
		___lwdiv       		CODE           	6A1A	0000	83

C:\Program Files (x86)\Microchip\xc8\v1.38\sources\common\lwdiv.c estimated size: 83

C:\Program Files (x86)\Microchip\xc8\v1.38\sources\common\lldiv.c
		___lldiv       		CODE           	6C92	0000	131

C:\Program Files (x86)\Microchip\xc8\v1.38\sources\common\lldiv.c estimated size: 131

C:\Program Files (x86)\Microchip\xc8\v1.38\sources\common\aldiv.c
		___aldiv       		CODE           	70DA	0000	205

C:\Program Files (x86)\Microchip\xc8\v1.38\sources\common\aldiv.c estimated size: 205

C:\Program Files (x86)\Microchip\xc8\v1.38\sources\common\itoa.c
		_itoa          		CODE           	697E	0000	75
		_utoa          		CODE           	6EE0	0000	165

C:\Program Files (x86)\Microchip\xc8\v1.38\sources\common\itoa.c estimated size: 240

C:\Program Files (x86)\Microchip\xc8\v1.38\sources\common\fttol.c
		___fttol       		CODE           	7380	0000	245

C:\Program Files (x86)\Microchip\xc8\v1.38\sources\common\fttol.c estimated size: 245

Main.c
		_OLED_Clear    		CODE           	6938	0000	71
		_OLED_Command  		CODE           	6740	0000	27
		_OLED_Write_Float		CODE           	687C	0000	59
		_main          		CODE           	772E	0000	541
		_OLED_Write_String		CODE           	69C8	0000	83
		_OLED_Init     		CODE           	6DA4	0000	153
		_OLED_Write_Integer		CODE           	6846	0000	55
		_OLED_PutChar  		CODE           	6F84	0000	169
		_OLED_YX       		CODE           	6812	0000	53

Main.c estimated size: 1211

shared
		_OledFont      		MEDIUMCONST    	7C9F	0000	769
		_dpowers       		MEDIUMCONST    	7C77	0000	41
		__initialization		CODE           	6710	0000	13

shared estimated size: 823

C:\Program Files (x86)\Microchip\xc8\v1.38\sources\common\memmove.c
		_memmove       		CODE           	6E3C	0000	165

C:\Program Files (x86)\Microchip\xc8\v1.38\sources\common\memmove.c estimated size: 165

C:\Program Files (x86)\Microchip\xc8\v1.38\sources\common\altoft.c
		___altoft      		CODE           	6BA0	0000	121

C:\Program Files (x86)\Microchip\xc8\v1.38\sources\common\altoft.c estimated size: 121

C:\Program Files (x86)\Microchip\xc8\v1.38\sources\common\isdigit.c
		_isdigit       		CODE           	675A	0000	31

C:\Program Files (x86)\Microchip\xc8\v1.38\sources\common\isdigit.c estimated size: 31

C:\Program Files (x86)\Microchip\xc8\v1.38\sources\common\ftadd.c
		___ftadd       		CODE           	7582	0000	429

C:\Program Files (x86)\Microchip\xc8\v1.38\sources\common\ftadd.c estimated size: 429

18F4553_STD.c
		_delay_us      		CODE           	67E6	0000	45
		_delay_ms      		CODE           	679C	0000	37

18F4553_STD.c estimated size: 82

C:\Program Files (x86)\Microchip\xc8\v1.38\sources\common\ftoa.c
		_ftoa          		CODE           	7474	0000	271

C:\Program Files (x86)\Microchip\xc8\v1.38\sources\common\ftoa.c estimated size: 271

C:\Program Files (x86)\Microchip\xc8\v1.38\sources\common\doprnt.c
		_sprintf       		CODE           	794A	0000	813

C:\Program Files (x86)\Microchip\xc8\v1.38\sources\common\doprnt.c estimated size: 813

C:\Program Files (x86)\Microchip\xc8\v1.38\sources\common\lltoft.c
		___lltoft      		CODE           	6A6C	0000	93

C:\Program Files (x86)\Microchip\xc8\v1.38\sources\common\lltoft.c estimated size: 93

C:\Program Files (x86)\Microchip\xc8\v1.38\sources\common\ftge.c
		___ftge        		CODE           	6D14	0000	145

C:\Program Files (x86)\Microchip\xc8\v1.38\sources\common\ftge.c estimated size: 145

C:\Program Files (x86)\Microchip\xc8\v1.38\sources\common\ftneg.c
		___ftneg       		CODE           	6778	0000	37

C:\Program Files (x86)\Microchip\xc8\v1.38\sources\common\ftneg.c estimated size: 37

